diff --git a/mater/lib/src/lib.rs b/mater/lib/src/lib.rs
index adcfcf5..8dc726d 100644
--- a/mater/lib/src/lib.rs
+++ b/mater/lib/src/lib.rs
@@ -18,20 +18,19 @@ mod unixfs;
 mod v1;
 mod v2;
 
-// We need to re-expose this because `read_block` returns `(Cid, Vec<u8>)`.
+use std::{
+    collections::{HashMap, HashSet},
+    io::SeekFrom,
+};
+
 pub use ipld_core::cid::Cid;
 use ipld_core::codec::Codec;
 use ipld_dagpb::DagPbCodec;
 pub use multicodec::{DAG_PB_CODE, IDENTITY_CODE, RAW_CODE};
-use std::collections::HashMap;
-use std::collections::HashSet;
-use std::io::SeekFrom;
 pub use stores::{
     create_filestore, Blockstore, Config, FileBlockstore, DEFAULT_CHUNK_SIZE, DEFAULT_TREE_WIDTH,
 };
-use tokio::io::AsyncSeekExt;
-use tokio::io::AsyncWriteExt;
-use tokio::io::{AsyncReadExt, AsyncSeek};
+use tokio::io::{AsyncReadExt, AsyncSeek, AsyncSeekExt, AsyncWriteExt};
 pub use v1::{Header as CarV1Header, Reader as CarV1Reader, Writer as CarV1Writer};
 pub use v2::{
     verify_cid, Characteristics, Header as CarV2Header, Index, IndexEntry, IndexSorted,
diff --git a/storage-provider/server/src/storage.rs b/storage-provider/server/src/storage.rs
index ac131f9..29a89e0 100644
--- a/storage-provider/server/src/storage.rs
+++ b/storage-provider/server/src/storage.rs
@@ -10,10 +10,8 @@ use bytes::Bytes;
 use futures::{Stream, TryStreamExt};
 use mater::{create_filestore, Cid, Config};
 use polka_storage_provider_common::commp::{commp, CommPError};
-use primitives::commitment::piece::PaddedPieceSize;
-use primitives::proofs::RegisteredPoStProof;
-use std::io;
-use std::{net::SocketAddr, path::PathBuf, pin::Pin, str::FromStr, sync::Arc};
+use primitives::{commitment::piece::PaddedPieceSize, proofs::RegisteredPoStProof};
+use std::{io, net::SocketAddr, path::PathBuf, pin::Pin, str::FromStr, sync::Arc};
 use tokio::{
     fs::{self, File},
     io::{AsyncRead, BufWriter},
@@ -47,11 +45,8 @@ use crate::db::DealDB;
 /// Shared state of the storage server.
 pub struct StorageServerState {
     pub car_piece_storage_dir: Arc<PathBuf>,
-
     pub deal_db: Arc<DealDB>,
-
     pub listen_address: SocketAddr,
-
     // I think this just needs the sector size actually
     #[allow(dead_code)]
     pub post_proof: RegisteredPoStProof,
